1.1 Explicit construction from points: Error During Test at A:\Development\Julia\DiscreteCurves\test\runtests.jl:46
  Test threw exception
  Expression: isopen(c)
  UndefVarError: `isopen` not defined in `Main`
  Hint: It looks like two or more modules export different bindings with this name, resulting in ambiguity. Try explicitly importing it from a particular module, or qualifying the name with the module it should come from.
  Hint: a global variable of this name also exists in Base.
  Stacktrace:
   [1] top-level scope
     @ A:\Development\Julia\DiscreteCurves\test\runtests.jl:40
   [2] macro expansion
     @ C:\Users\savag\.julia\juliaup\julia-1.12.6+0.x64.w64.mingw32\share\julia\stdlib\v1.12\Test\src\Test.jl:1777 [inlined]
   [3] macro expansion
     @ A:\Development\Julia\DiscreteCurves\test\runtests.jl:41 [inlined]
   [4] macro expansion
     @ C:\Users\savag\.julia\juliaup\julia-1.12.6+0.x64.w64.mingw32\share\julia\stdlib\v1.12\Test\src\Test.jl:1777 [inlined]
   [5] macro expansion
     @ A:\Development\Julia\DiscreteCurves\test\runtests.jl:42 [inlined]
   [6] macro expansion
     @ C:\Users\savag\.julia\juliaup\julia-1.12.6+0.x64.w64.mingw32\share\julia\stdlib\v1.12\Test\src\Test.jl:1777 [inlined]
   [7] macro expansion
     @ A:\Development\Julia\DiscreteCurves\test\runtests.jl:46 [inlined]
   [8] macro expansion
     @ C:\Users\savag\.julia\juliaup\julia-1.12.6+0.x64.w64.mingw32\share\julia\stdlib\v1.12\Test\src\Test.jl:677 [inlined]
   [9] macro expansion
     @ A:\Development\Julia\DiscreteCurves\test\runtests.jl:46 [inlined]
1.2 Open vs closed curves: Error During Test at A:\Development\Julia\DiscreteCurves\test\runtests.jl:55
  Test threw exception
  Expression: isopen(c_open)
  UndefVarError: `isopen` not defined in `Main`
  Hint: It looks like two or more modules export different bindings with this name, resulting in ambiguity. Try explicitly importing it from a particular module, or qualifying the name with the module it should come from.
  Hint: a global variable of this name also exists in Base.
  Stacktrace:
   [1] top-level scope
     @ A:\Development\Julia\DiscreteCurves\test\runtests.jl:40
   [2] macro expansion
     @ C:\Users\savag\.julia\juliaup\julia-1.12.6+0.x64.w64.mingw32\share\julia\stdlib\v1.12\Test\src\Test.jl:1777 [inlined]
   [3] macro expansion
     @ A:\Development\Julia\DiscreteCurves\test\runtests.jl:41 [inlined]
   [4] macro expansion
     @ C:\Users\savag\.julia\juliaup\julia-1.12.6+0.x64.w64.mingw32\share\julia\stdlib\v1.12\Test\src\Test.jl:1777 [inlined]
   [5] macro expansion
     @ A:\Development\Julia\DiscreteCurves\test\runtests.jl:51 [inlined]
   [6] macro expansion
     @ C:\Users\savag\.julia\juliaup\julia-1.12.6+0.x64.w64.mingw32\share\julia\stdlib\v1.12\Test\src\Test.jl:1777 [inlined]
   [7] macro expansion
     @ A:\Development\Julia\DiscreteCurves\test\runtests.jl:55 [inlined]
   [8] macro expansion
     @ C:\Users\savag\.julia\juliaup\julia-1.12.6+0.x64.w64.mingw32\share\julia\stdlib\v1.12\Test\src\Test.jl:677 [inlined]
   [9] macro expansion
     @ A:\Development\Julia\DiscreteCurves\test\runtests.jl:55 [inlined]
1.5 Error handling: Test Failed at A:\Development\Julia\DiscreteCurves\test\runtests.jl:83
  Expression: DiscreteCurve([SVector(1.0, 2.0)])
    Expected: ArgumentError
  No exception thrown

Stacktrace:
 [1] top-level scope
   @ A:\Development\Julia\DiscreteCurves\test\runtests.jl:40
 [2] macro expansion
   @ C:\Users\savag\.julia\juliaup\julia-1.12.6+0.x64.w64.mingw32\share\julia\stdlib\v1.12\Test\src\Test.jl:1777 [inlined]
 [3] macro expansion
   @ A:\Development\Julia\DiscreteCurves\test\runtests.jl:41 [inlined]
 [4] macro expansion
   @ C:\Users\savag\.julia\juliaup\julia-1.12.6+0.x64.w64.mingw32\share\julia\stdlib\v1.12\Test\src\Test.jl:1777 [inlined]
 [5] macro expansion
   @ A:\Development\Julia\DiscreteCurves\test\runtests.jl:83 [inlined]
 [6] macro expansion
   @ C:\Users\savag\.julia\juliaup\julia-1.12.6+0.x64.w64.mingw32\share\julia\stdlib\v1.12\Test\src\Test.jl:1777 [inlined]
 [7] macro expansion
   @ A:\Development\Julia\DiscreteCurves\test\runtests.jl:83 [inlined]
1.6.1 Basic 2D circle from parametric function: Test Failed at A:\Development\Julia\DiscreteCurves\test\runtests.jl:93
  Expression: Ôëê(arc_length(c), (2¤Ç) * sin(¤Ç / 128) * 128, atol = 0.0001)
   Evaluated: 6.28255450186556 Ôëê 19.73722706883828 (atol=0.0001)

Stacktrace:
 [1] top-level scope
   @ A:\Development\Julia\DiscreteCurves\test\runtests.jl:40
 [2] macro expansion
   @ C:\Users\savag\.julia\juliaup\julia-1.12.6+0.x64.w64.mingw32\share\julia\stdlib\v1.12\Test\src\Test.jl:1777 [inlined]
 [3] macro expansion
   @ A:\Development\Julia\DiscreteCurves\test\runtests.jl:89 [inlined]
 [4] macro expansion
   @ C:\Users\savag\.julia\juliaup\julia-1.12.6+0.x64.w64.mingw32\share\julia\stdlib\v1.12\Test\src\Test.jl:1777 [inlined]
 [5] macro expansion
   @ A:\Development\Julia\DiscreteCurves\test\runtests.jl:90 [inlined]
 [6] macro expansion
   @ C:\Users\savag\.julia\juliaup\julia-1.12.6+0.x64.w64.mingw32\share\julia\stdlib\v1.12\Test\src\Test.jl:1777 [inlined]
 [7] macro expansion
   @ A:\Development\Julia\DiscreteCurves\test\runtests.jl:93 [inlined]
 [8] macro expansion
   @ C:\Users\savag\.julia\juliaup\julia-1.12.6+0.x64.w64.mingw32\share\julia\stdlib\v1.12\Test\src\Test.jl:680 [inlined]
3.3 Cumulative length: Test Failed at A:\Development\Julia\DiscreteCurves\test\runtests.jl:172
  Expression: s[end] Ôëê 4.0
   Evaluated: 3.0 Ôëê 4.0

Stacktrace:
 [1] top-level scope
   @ A:\Development\Julia\DiscreteCurves\test\runtests.jl:40
 [2] macro expansion
   @ C:\Users\savag\.julia\juliaup\julia-1.12.6+0.x64.w64.mingw32\share\julia\stdlib\v1.12\Test\src\Test.jl:1777 [inlined]
 [3] macro expansion
   @ A:\Development\Julia\DiscreteCurves\test\runtests.jl:156 [inlined]
 [4] macro expansion
   @ C:\Users\savag\.julia\juliaup\julia-1.12.6+0.x64.w64.mingw32\share\julia\stdlib\v1.12\Test\src\Test.jl:1777 [inlined]
 [5] macro expansion
   @ A:\Development\Julia\DiscreteCurves\test\runtests.jl:169 [inlined]
 [6] macro expansion
   @ C:\Users\savag\.julia\juliaup\julia-1.12.6+0.x64.w64.mingw32\share\julia\stdlib\v1.12\Test\src\Test.jl:1777 [inlined]
 [7] macro expansion
   @ A:\Development\Julia\DiscreteCurves\test\runtests.jl:172 [inlined]
 [8] macro expansion
   @ C:\Users\savag\.julia\juliaup\julia-1.12.6+0.x64.w64.mingw32\share\julia\stdlib\v1.12\Test\src\Test.jl:680 [inlined]
5.2 Bounding box: Error During Test at A:\Development\Julia\DiscreteCurves\test\runtests.jl:246
  Test threw exception
  Expression: bbox.min Ôëê SVector(0.0, 0.0)
  FieldError: type Tuple has no field `min`, available fields: `1`, `2`
  Stacktrace:
   [1] getproperty(x::Tuple{SVector{2, Float64}, SVector{2, Float64}}, f::Symbol)
     @ Base .\Base_compiler.jl:54
   [2] top-level scope
     @ A:\Development\Julia\DiscreteCurves\test\runtests.jl:40
   [3] macro expansion
     @ C:\Users\savag\.julia\juliaup\julia-1.12.6+0.x64.w64.mingw32\share\julia\stdlib\v1.12\Test\src\Test.jl:1777 [inlined]
   [4] macro expansion
     @ A:\Development\Julia\DiscreteCurves\test\runtests.jl:231 [inlined]
   [5] macro expansion
     @ C:\Users\savag\.julia\juliaup\julia-1.12.6+0.x64.w64.mingw32\share\julia\stdlib\v1.12\Test\src\Test.jl:1777 [inlined]
   [6] macro expansion
     @ A:\Development\Julia\DiscreteCurves\test\runtests.jl:244 [inlined]
   [7] macro expansion
     @ C:\Users\savag\.julia\juliaup\julia-1.12.6+0.x64.w64.mingw32\share\julia\stdlib\v1.12\Test\src\Test.jl:1777 [inlined]
   [8] macro expansion
     @ A:\Development\Julia\DiscreteCurves\test\runtests.jl:246 [inlined]
   [9] macro expansion
     @ C:\Users\savag\.julia\juliaup\julia-1.12.6+0.x64.w64.mingw32\share\julia\stdlib\v1.12\Test\src\Test.jl:677 [inlined]
5.2 Bounding box: Error During Test at A:\Development\Julia\DiscreteCurves\test\runtests.jl:247
  Test threw exception
  Expression: bbox.max Ôëê SVector(1.0, 1.0)
  FieldError: type Tuple has no field `max`, available fields: `1`, `2`
  Stacktrace:
   [1] getproperty(x::Tuple{SVector{2, Float64}, SVector{2, Float64}}, f::Symbol)
     @ Base .\Base_compiler.jl:54
   [2] top-level scope
     @ A:\Development\Julia\DiscreteCurves\test\runtests.jl:40
   [3] macro expansion
     @ C:\Users\savag\.julia\juliaup\julia-1.12.6+0.x64.w64.mingw32\share\julia\stdlib\v1.12\Test\src\Test.jl:1777 [inlined]
   [4] macro expansion
     @ A:\Development\Julia\DiscreteCurves\test\runtests.jl:231 [inlined]
   [5] macro expansion
     @ C:\Users\savag\.julia\juliaup\julia-1.12.6+0.x64.w64.mingw32\share\julia\stdlib\v1.12\Test\src\Test.jl:1777 [inlined]
   [6] macro expansion
     @ A:\Development\Julia\DiscreteCurves\test\runtests.jl:244 [inlined]
   [7] macro expansion
     @ C:\Users\savag\.julia\juliaup\julia-1.12.6+0.x64.w64.mingw32\share\julia\stdlib\v1.12\Test\src\Test.jl:1777 [inlined]
   [8] macro expansion
     @ A:\Development\Julia\DiscreteCurves\test\runtests.jl:247 [inlined]
   [9] macro expansion
     @ C:\Users\savag\.julia\juliaup\julia-1.12.6+0.x64.w64.mingw32\share\julia\stdlib\v1.12\Test\src\Test.jl:677 [inlined]
7.8 Lazy vertex field: Error During Test at A:\Development\Julia\DiscreteCurves\test\runtests.jl:362
  Got exception outside of a @test
  UndefVarError: `lazy_vertex_field` not defined in `Main`
  Suggestion: check for spelling errors or missing imports.
  Stacktrace:
    [1] top-level scope
      @ A:\Development\Julia\DiscreteCurves\test\runtests.jl:40
    [2] macro expansion
      @ C:\Users\savag\.julia\juliaup\julia-1.12.6+0.x64.w64.mingw32\share\julia\stdlib\v1.12\Test\src\Test.jl:1777 [inlined]
    [3] macro expansion
      @ A:\Development\Julia\DiscreteCurves\test\runtests.jl:316 [inlined]
    [4] macro expansion
      @ C:\Users\savag\.julia\juliaup\julia-1.12.6+0.x64.w64.mingw32\share\julia\stdlib\v1.12\Test\src\Test.jl:1777 [inlined]
    [5] macro expansion
      @ A:\Development\Julia\DiscreteCurves\test\runtests.jl:363 [inlined]
    [6] macro expansion
      @ C:\Users\savag\.julia\juliaup\julia-1.12.6+0.x64.w64.mingw32\share\julia\stdlib\v1.12\Test\src\Test.jl:1777 [inlined]
    [7] macro expansion
      @ A:\Development\Julia\DiscreteCurves\test\runtests.jl:364 [inlined]
    [8] include(mapexpr::Function, mod::Module, _path::String)
      @ Base .\Base.jl:307
    [9] top-level scope
      @ A:\Development\Julia\DiscreteCurves\test_runner.jl:10
   [10] include(mod::Module, _path::String)
      @ Base .\Base.jl:306
   [11] exec_options(opts::Base.JLOptions)
      @ Base .\client.jl:317
   [12] _start()
      @ Base .\client.jl:550
Macros ÔÇö @curve: Error During Test at A:\Development\Julia\DiscreteCurves\test\runtests.jl:414
  Got exception outside of a @test
  UndefVarError: `r` not defined in `DiscreteCurves.Macros`
  Suggestion: check for spelling errors or missing imports.
  Stacktrace:
    [1] (::var"#69#70")(╬©::Float64)
      @ Main A:\Development\Julia\DiscreteCurves\src\Macros.jl:58
    [2] ParametricCurve(f::var"#69#70", t0::Int64, t1::Float64, n::Int64; closed::Bool, T::Type{Float64})
      @ DiscreteCurves.CurveTypes A:\Development\Julia\DiscreteCurves\src\types\CurveTypes.jl:146
    [3] top-level scope
      @ A:\Development\Julia\DiscreteCurves\test\runtests.jl:40
    [4] macro expansion
      @ C:\Users\savag\.julia\juliaup\julia-1.12.6+0.x64.w64.mingw32\share\julia\stdlib\v1.12\Test\src\Test.jl:1777 [inlined]
    [5] macro expansion
      @ A:\Development\Julia\DiscreteCurves\test\runtests.jl:416 [inlined]
    [6] macro expansion
      @ C:\Users\savag\.julia\juliaup\julia-1.12.6+0.x64.w64.mingw32\share\julia\stdlib\v1.12\Test\src\Test.jl:1777 [inlined]
    [7] macro expansion
      @ A:\Development\Julia\DiscreteCurves\test\runtests.jl:427 [inlined]
    [8] macro expansion
      @ A:\Development\Julia\DiscreteCurves\src\Macros.jl:58 [inlined]
    [9] include(mapexpr::Function, mod::Module, _path::String)
      @ Base .\Base.jl:307
   [10] top-level scope
      @ A:\Development\Julia\DiscreteCurves\test_runner.jl:10
   [11] include(mod::Module, _path::String)
      @ Base .\Base.jl:306
   [12] exec_options(opts::Base.JLOptions)
      @ Base .\client.jl:317
   [13] _start()
      @ Base .\client.jl:550
Macros ÔÇö @where, @any_vertex, @all_vertices, @map_verts: Error During Test at A:\Development\Julia\DiscreteCurves\test\runtests.jl:443
  Test threw exception
  Expression: !(#= A:\Development\Julia\DiscreteCurves\test\runtests.jl:443 =# @any_vertex(c, p, norm(p) > 2.0))
  UndefVarError: `norm` not defined in `DiscreteCurves.Macros`
  Suggestion: check for spelling errors or missing imports.
  Hint: a global variable of this name also exists in LinearAlgebra.
  Stacktrace:
    [1] (::var"#79#80")(p::SVector{2, Float64})
      @ Main A:\Development\Julia\DiscreteCurves\src\Macros.jl:113
    [2] _any(f::var"#79#80", itr::DiscreteCurves.Iterators.VertexIterator{DiscreteCurve{2, Float64}}, ::Colon)
      @ Base .\anyall.jl:124
    [3] any(f::Function, itr::DiscreteCurves.Iterators.VertexIterator{DiscreteCurve{2, Float64}})
      @ Base .\anyall.jl:115
    [4] top-level scope
      @ A:\Development\Julia\DiscreteCurves\test\runtests.jl:40
    [5] macro expansion
      @ C:\Users\savag\.julia\juliaup\julia-1.12.6+0.x64.w64.mingw32\share\julia\stdlib\v1.12\Test\src\Test.jl:1777 [inlined]
    [6] macro expansion
      @ A:\Development\Julia\DiscreteCurves\test\runtests.jl:434 [inlined]
    [7] macro expansion
      @ C:\Users\savag\.julia\juliaup\julia-1.12.6+0.x64.w64.mingw32\share\julia\stdlib\v1.12\Test\src\Test.jl:1777 [inlined]
    [8] macro expansion
      @ A:\Development\Julia\DiscreteCurves\test\runtests.jl:443 [inlined]
    [9] macro expansion
      @ C:\Users\savag\.julia\juliaup\julia-1.12.6+0.x64.w64.mingw32\share\julia\stdlib\v1.12\Test\src\Test.jl:677 [inlined]
   [10] macro expansion
      @ A:\Development\Julia\DiscreteCurves\test\runtests.jl:443 [inlined]
   [11] macro expansion
      @ A:\Development\Julia\DiscreteCurves\src\Macros.jl:113 [inlined]
Macros ÔÇö @where, @any_vertex, @all_vertices, @map_verts: Error During Test at A:\Development\Julia\DiscreteCurves\test\runtests.jl:446
  Test threw exception
  Expression: #= A:\Development\Julia\DiscreteCurves\test\runtests.jl:446 =# @all_vertices c p abs(norm(p) - 1.0) < 0.001
  UndefVarError: `norm` not defined in `DiscreteCurves.Macros`
  Suggestion: check for spelling errors or missing imports.
  Hint: a global variable of this name also exists in LinearAlgebra.
  Stacktrace:
    [1] (::var"#81#82")(p::SVector{2, Float64})
      @ Main A:\Development\Julia\DiscreteCurves\src\Macros.jl:128
    [2] _all(f::var"#81#82", itr::DiscreteCurves.Iterators.VertexIterator{DiscreteCurve{2, Float64}}, ::Colon)
      @ Base .\anyall.jl:197
    [3] all(f::Function, itr::DiscreteCurves.Iterators.VertexIterator{DiscreteCurve{2, Float64}})
      @ Base .\anyall.jl:188
    [4] top-level scope
      @ A:\Development\Julia\DiscreteCurves\test\runtests.jl:40
    [5] macro expansion
      @ C:\Users\savag\.julia\juliaup\julia-1.12.6+0.x64.w64.mingw32\share\julia\stdlib\v1.12\Test\src\Test.jl:1777 [inlined]
    [6] macro expansion
      @ A:\Development\Julia\DiscreteCurves\test\runtests.jl:434 [inlined]
    [7] macro expansion
      @ C:\Users\savag\.julia\juliaup\julia-1.12.6+0.x64.w64.mingw32\share\julia\stdlib\v1.12\Test\src\Test.jl:1777 [inlined]
    [8] macro expansion
      @ A:\Development\Julia\DiscreteCurves\test\runtests.jl:446 [inlined]
    [9] macro expansion
      @ C:\Users\savag\.julia\juliaup\julia-1.12.6+0.x64.w64.mingw32\share\julia\stdlib\v1.12\Test\src\Test.jl:677 [inlined]
   [10] macro expansion
      @ A:\Development\Julia\DiscreteCurves\test\runtests.jl:446 [inlined]
   [11] macro expansion
      @ A:\Development\Julia\DiscreteCurves\src\Macros.jl:128 [inlined]
Macros ÔÇö @where, @any_vertex, @all_vertices, @map_verts: Error During Test at A:\Development\Julia\DiscreteCurves\test\runtests.jl:433
  Got exception outside of a @test
  UndefVarError: `norm` not defined in `DiscreteCurves.Macros`
  Suggestion: check for spelling errors or missing imports.
  Hint: a global variable of this name also exists in LinearAlgebra.
  Stacktrace:
    [1] macro expansion
      @ A:\Development\Julia\DiscreteCurves\src\Macros.jl:136 [inlined]
    [2] (::var"#83#84")(p::SVector{2, Float64})
      @ Main .\none:0
    [3] iterate
      @ .\generator.jl:48 [inlined]
    [4] collect(itr::Base.Generator{DiscreteCurves.Iterators.VertexIterator{DiscreteCurve{2, Float64}}, var"#83#84"})
      @ Base .\array.jl:790
    [5] top-level scope
      @ A:\Development\Julia\DiscreteCurves\test\runtests.jl:40
    [6] macro expansion
      @ C:\Users\savag\.julia\juliaup\julia-1.12.6+0.x64.w64.mingw32\share\julia\stdlib\v1.12\Test\src\Test.jl:1777 [inlined]
    [7] macro expansion
      @ A:\Development\Julia\DiscreteCurves\test\runtests.jl:434 [inlined]
    [8] macro expansion
      @ C:\Users\savag\.julia\juliaup\julia-1.12.6+0.x64.w64.mingw32\share\julia\stdlib\v1.12\Test\src\Test.jl:1777 [inlined]
    [9] macro expansion
      @ A:\Development\Julia\DiscreteCurves\test\runtests.jl:449 [inlined]
   [10] macro expansion
      @ A:\Development\Julia\DiscreteCurves\src\Macros.jl:135 [inlined]
   [11] include(mapexpr::Function, mod::Module, _path::String)
      @ Base .\Base.jl:307
   [12] top-level scope
      @ A:\Development\Julia\DiscreteCurves\test_runner.jl:10
   [13] include(mod::Module, _path::String)
      @ Base .\Base.jl:306
   [14] exec_options(opts::Base.JLOptions)
      @ Base .\client.jl:317
   [15] _start()
      @ Base .\client.jl:550
Utils: Error During Test at A:\Development\Julia\DiscreteCurves\test\runtests.jl:465
  Got exception outside of a @test
  UndefVarError: `translate` not defined in `Main`
  Suggestion: check for spelling errors or missing imports.
  Stacktrace:
    [1] top-level scope
      @ A:\Development\Julia\DiscreteCurves\test\runtests.jl:40
    [2] macro expansion
      @ C:\Users\savag\.julia\juliaup\julia-1.12.6+0.x64.w64.mingw32\share\julia\stdlib\v1.12\Test\src\Test.jl:1777 [inlined]
    [3] macro expansion
      @ A:\Development\Julia\DiscreteCurves\test\runtests.jl:466 [inlined]
    [4] macro expansion
      @ C:\Users\savag\.julia\juliaup\julia-1.12.6+0.x64.w64.mingw32\share\julia\stdlib\v1.12\Test\src\Test.jl:1777 [inlined]
    [5] macro expansion
      @ A:\Development\Julia\DiscreteCurves\test\runtests.jl:468 [inlined]
    [6] include(mapexpr::Function, mod::Module, _path::String)
      @ Base .\Base.jl:307
    [7] top-level scope
      @ A:\Development\Julia\DiscreteCurves\test_runner.jl:10
    [8] include(mod::Module, _path::String)
      @ Base .\Base.jl:306
    [9] exec_options(opts::Base.JLOptions)
      @ Base .\client.jl:317
   [10] _start()
      @ Base .\client.jl:550
Type stability: Error During Test at A:\Development\Julia\DiscreteCurves\test\runtests.jl:483
  Got exception outside of a @test
  UndefVarError: `tangent` not defined in `Main`
  Suggestion: check for spelling errors or missing imports.
  Stacktrace:
    [1] top-level scope
      @ A:\Development\Julia\DiscreteCurves\test\runtests.jl:40
    [2] macro expansion
      @ C:\Users\savag\.julia\juliaup\julia-1.12.6+0.x64.w64.mingw32\share\julia\stdlib\v1.12\Test\src\Test.jl:1777 [inlined]
    [3] macro expansion
      @ A:\Development\Julia\DiscreteCurves\test\runtests.jl:484 [inlined]
    [4] macro expansion
      @ C:\Users\savag\.julia\juliaup\julia-1.12.6+0.x64.w64.mingw32\share\julia\stdlib\v1.12\Test\src\Test.jl:1777 [inlined]
    [5] macro expansion
      @ A:\Development\Julia\DiscreteCurves\test\runtests.jl:488 [inlined]
    [6] include(mapexpr::Function, mod::Module, _path::String)
      @ Base .\Base.jl:307
    [7] top-level scope
      @ A:\Development\Julia\DiscreteCurves\test_runner.jl:10
    [8] include(mod::Module, _path::String)
      @ Base .\Base.jl:306
    [9] exec_options(opts::Base.JLOptions)
      @ Base .\client.jl:317
   [10] _start()
      @ Base .\client.jl:550
Test Summary:                                             | Pass  Fail  Error  Total   Time
DiscreteCurves.jl                                         |  277     3     11    291  11.4s
  1. CONSTRUCTION                                         |   12     1      2     15   5.3s
    1.1 Explicit construction from points                 |    3            1      4   2.4s
    1.2 Open vs closed curves                             |    3            1      4   0.0s
    1.3 Construction from different input formats         |    4                   4   0.7s
    1.4 3D curves                                         |    2                   2   0.1s
    1.5 Error handling                                    |          1             1   2.1s
  1.6 Parametric curve construction                       |    9     1            10   1.4s
    1.6.1 Basic 2D circle from parametric function        |    2     1             3   0.7s
    1.6.2 Tuple-returning function                        |    1                   1   0.1s
    1.6.3 3D helix                                        |    2                   2   0.0s
    1.6.4 Function tuple (sin, cos)                       |    2                   2   0.3s
    1.6.5 Step-based constructor                          |    1                   1   0.1s
    1.6.6 Float32 precision                               |    1                   1   0.3s
  2. TOPOLOGY                                             |    8                   8   0.2s
  3. LENGTHS & ARC LENGTH                                 |    7     1             8   0.5s
    3.1 Unit square arc length                            |    1                   1   0.0s
    3.2 Edge lengths                                      |    2                   2   0.2s
    3.3 Cumulative length                                 |    3     1             4   0.3s
    3.4 Open vs closed arc length                         |    1                   1   0.0s
  4. CURVATURE                                            |   73                  73   0.6s
  5. GEOMETRIC PROPERTIES                                 |    4            2      6   0.7s
    5.1 Signed area (orientation)                         |    2                   2   0.0s
    5.2 Bounding box                                      |                 2      2   0.6s
    5.3 Centroid                                          |    1                   1   0.0s
    5.4 Isoperimetric quotient                            |    1                   1   0.0s
  6. TANGENT & NORMAL VECTORS                             |  137                 137   0.4s
  7. DATA ATTACHMENT                                      |    8            1      9   0.9s
    7.1 Vertex data from array                            |    2                   2   0.2s
    7.2 Vertex data from function                         |    1                   1   0.0s
    7.3 Edge data                                         |    1                   1   0.1s
    7.4 Vertex data broadcasting                          |    1                   1   0.1s
    7.5 Vertex data iteration                             |    1                   1   0.1s
    7.6 Vertex data zip with vertices                     |    1                   1   0.2s
    7.7 Vertex data dimension checking                    |    1                   1   0.0s
    7.8 Lazy vertex field                                 |                 1      1   0.2s
  Iterators                                               |   10                  10   0.3s
  Macros ÔÇö @curve                                         |    4            1      5   0.2s
  Macros ÔÇö @where, @any_vertex, @all_vertices, @map_verts |    3            3      6   0.5s
  Macros ÔÇö @functional                                    |    2                   2   0.1s
  Utils                                                   |                 1      1   0.1s
  Type stability                                          |                 1      1   0.2s
RNG of the outermost testset: Random.Xoshiro(0xf2c603b442e51e97, 0x63b5bada3fd84f2c, 0xb039bfd31cb5e486, 0xc6da9ded995faf71, 0xff0244e1c3994ed0)
julia : ERROR: LoadError: Some tests did not pass: 277 passed, 3 failed, 11 
errored, 0 broken.
At line:1 char:1
+ julia --project=. test_runner.jl 2>&1 | Out-File test_output.txt; Get ...
+ ~~~~~~~~~~~~~~~~~~~~~~~~~~~~~~~~~~~~~
    + CategoryInfo          : NotSpecified: (ERROR: LoadErro...ored, 0 broken. 
   :String) [], RemoteException
    + FullyQualifiedErrorId : NativeCommandError
 
in expression starting at 
A:\Development\Julia\DiscreteCurves\test\runtests.jl:37
in expression starting at A:\Development\Julia\DiscreteCurves\test_runner.jl:10
